---
source: integ-tests/tests/parser.rs
expression: error
---
error[duplicate-key]: 
  ┌─ array_then_dotted:3:10
  │
2 │         a = []
  │         - first key instance
3 │         [a.b]
  │          ^ duplicate key


