---
source: integ-tests/tests/parser.rs
expression: valid_toml
---
{
  "bar": "a",
  "foo": ""
}
