---
source: integ-tests/tests/parser.rs
expression: valid_toml
---
{
  "fruit": {
    "apple": {
      "color": "red",
      "seeds": [
        {
          "size": 2
        }
      ]
    }
  }
}
