---
source: integ-tests/tests/parser.rs
expression: error
---
error[wanted]: 
  ┌─ newline:1:6
  │  
1 │   a = {
  │ ╭─────^
2 │ │ }
  │ ╰─^ expected a table key


