---
source: integ-tests/tests/parser.rs
expression: valid_toml
---
{
  "foo": 42
}
