---
source: integ-tests/tests/valid.rs
expression: valid_toml
---
{
  "albums": {
    "songs": [
      {
        "name": "Glory Days"
      }
    ]
  }
}
