---
source: integ-tests/tests/valid.rs
expression: valid_toml
---
{
  "ints": [
    1,
    2,
    3
  ]
}
